// Jest Snapshot v1, https://goo.gl/fbAQLP

exports[`Article Image should match snapshot 1`] = `undefined`;
