// Jest Snapshot v1, https://goo.gl/fbAQLP

exports[`Article Preview should match snapshot 1`] = `undefined`;
